
> whisper-app@1.0.0 tauri
> tauri build --verbose

       Debug [tauri_cli::helpers::app_paths] Found Tauri project inside /workspaces/eat/src-tauri on early lookup
        Info [tauri_cli::build] Looking up installed tauri packages to check mismatched versions...
     Running [tauri_cli] Command `cargo build --bins --features tauri/custom-protocol --release`
   Compiling gdk-sys v0.18.2
   Compiling phf_macros v0.13.1
error: failed to run custom build command for `gdk-sys v0.18.2`

Caused by:
  process didn't exit successfully: `/workspaces/eat/src-tauri/target/release/build/gdk-sys-f25f21679dbeb538/build-script-build` (exit status: 1)
  --- stdout
  cargo:rerun-if-env-changed=GDK_3.0_NO_PKG_CONFIG
  cargo:rerun-if-env-changed=PKG_CONFIG_x86_64-unknown-linux-gnu
  cargo:rerun-if-env-changed=PKG_CONFIG_x86_64_unknown_linux_gnu
  cargo:rerun-if-env-changed=HOST_PKG_CONFIG
  cargo:rerun-if-env-changed=PKG_CONFIG
  cargo:rerun-if-env-changed=PKG_CONFIG_PATH_x86_64-unknown-linux-gnu
  cargo:rerun-if-env-changed=PKG_CONFIG_PATH_x86_64_unknown_linux_gnu
  cargo:rerun-if-env-changed=HOST_PKG_CONFIG_PATH
  cargo:rerun-if-env-changed=PKG_CONFIG_PATH
  cargo:rerun-if-env-changed=PKG_CONFIG_LIBDIR_x86_64-unknown-linux-gnu
  cargo:rerun-if-env-changed=PKG_CONFIG_LIBDIR_x86_64_unknown_linux_gnu
  cargo:rerun-if-env-changed=HOST_PKG_CONFIG_LIBDIR
  cargo:rerun-if-env-changed=PKG_CONFIG_LIBDIR
  cargo:rerun-if-env-changed=PKG_CONFIG_SYSROOT_DIR_x86_64-unknown-linux-gnu
  cargo:rerun-if-env-changed=PKG_CONFIG_SYSROOT_DIR_x86_64_unknown_linux_gnu
  cargo:rerun-if-env-changed=HOST_PKG_CONFIG_SYSROOT_DIR
  cargo:rerun-if-env-changed=PKG_CONFIG_SYSROOT_DIR

  --- stderr

  pkg-config exited with status code 1
  > PKG_CONFIG_ALLOW_SYSTEM_CFLAGS=1 pkg-config --libs --cflags gdk-3.0 'gdk-3.0 >= 3.22'

  pkg-config output:
    Package gdk-3.0 was not found in the pkg-config search path.
    Perhaps you should add the directory containing `gdk-3.0.pc'
    to the PKG_CONFIG_PATH environment variable
    Package 'gdk-3.0', required by 'virtual:world', not found
    Package 'gdk-3.0', required by 'virtual:world', not found

  The system library `gdk-3.0` required by crate `gdk-sys` was not found.
  The file `gdk-3.0.pc` needs to be installed and the PKG_CONFIG_PATH environment variable must contain its parent directory.
  The PKG_CONFIG_PATH environment variable is not set.

  HINT: if you have installed the library, try setting PKG_CONFIG_PATH to the directory containing `gdk-3.0.pc`.

warning: build failed, waiting for other jobs to finish...
failed to build app: failed to build app
       Error [tauri_cli_node] failed to build app: failed to build app
